
> next-template@0.1.0 build
> next build

node.exe : ÔÜá Warning: Next.js 
inferred your workspace root, but it 
may not be correct.
At C:\Program Files\nodejs\npm.ps1:29 
char:3
+   & $NODE_EXE $NPM_CLI_JS $args
+   ~~~~~~~~~~~~~~~~~~~~~~~~~~~~~
    + CategoryInfo          : NotSpec 
   ified: (ÔÜá Warning: Ne...not be   
  correct.:String) [], RemoteExcept   
 ion
    + FullyQualifiedErrorId : NativeC 
   ommandError
 
 We detected multiple lockfiles and 
selected the directory of 
C:\Users\denio\package-lock.json as 
the root directory.
 To silence this warning, set 
`turbopack.root` in your Next.js 
config, or consider removing one of 
the lockfiles if it's not needed.
   See https://nextjs.org/docs/app/api
-reference/config/next-config-js/turbo
pack#root-directory for more 
information.
 Detected additional lockfiles: 
   * C:\Users\denio\Documents\Denio\CR
MNEW\package-lock.json

Ôû▓ Next.js 16.1.6 (Turbopack)
- Environments: .env

ÔÜá The "middleware" file convention 
is deprecated. Please use "proxy" 
instead. Learn more: https://nextjs.or
g/docs/messages/middleware-to-proxy
  Creating an optimized production build ...
Ô£ô Compiled successfully in 11.9s
  Running TypeScript ...
Failed to compile.

./src/app/chat/page.tsx:174:13
Type error: Cannot find name 
'loadConversations'. Did you mean 
'conversations'?

[0m [90m 172 |[39m         
[36mconst[39m interval [33m=[39m 
setInterval(() [33m=>[39m {
 [90m 173 |[39m             
console[33m.[39mlog([32m"ÔÅ▒´©Å 
Polling for 
updates..."[39m)[33m;[39m
[31m[1m>[22m[39m[90m 174 |[39m  
           
loadConversations()[33m;[39m
 [90m     |[39m             
[31m[1m^[22m[39m
 [90m 175 |[39m             
[36mif[39m (selectedId) 
loadMessages(selectedId)[33m;[39m
 [90m 176 |[39m         
}[33m,[39m 
[35m5000[39m)[33m;[39m
 [90m 177 |[39m[0m
Next.js build worker exited with 
code: 1 and signal: null
